[Message: Preloader] BepInEx 6.0.0-dev - PlantsVsZombiesRH (9/19/2026 10:21:30 PM)
[Message: Preloader] Built from commit 344bef209045be43d9ecef175e0e9532fee2214c
[Info   :   BepInEx] System platform: Windows 10 64-bit
[Info   :   BepInEx] Process bitness: 64-bit (x64)
[Info   :   BepInEx] Running under Unity 2022.3.62f1c1
[Info   :   BepInEx] Runtime version: 6.0.7
[Info   :   BepInEx] Runtime information: .NET 6.0.7
[Info   : Preloader] 0 patcher plugins loaded
[Info   : Preloader] 0 assemblies discovered
[Message:AssemblyPatcher] Executing 0 patch(es)
[Info   :   BepInEx] Chainloader initialized
[Warning:Il2CppInterop] Class::Init signatures have been exhausted, using a substitute!
[Info   :Il2CppInterop] Registered mono type Il2CppInterop.Runtime.DelegateSupport+Il2CppToMonoDelegateReference in il2cpp domain
[Info   :   BepInEx] 3 plugins to load
[Info   :   BepInEx] Loading [UnityExplorer 1.4.0]
[Message:UnityExplorer] CinematicUnityExplorer 1.4.0 initializing...
[Message:UnityExplorer] [UniverseLib] UniverseLib 1.5.5 initializing...
[Info   :Il2CppInterop] Registered mono type UniverseLib.UniversalBehaviour in il2cpp domain
[Message:UnityExplorer] [UniverseLib] Can't cache type named _Main_d__6 Error: System.TypeLoadException: GenericArguments[0], 'TravelDebuff', on 'BaseBuff`1[T]' violates the constraint of type parameter 'T'.
   at System.RuntimeTypeHandle.GetDeclaringType(RuntimeType type)
   at System.RuntimeType.RuntimeTypeCache.GetEnclosingType()
   at System.RuntimeType.RuntimeTypeCache.GetNameSpace()
   at System.RuntimeType.get_Namespace()
   at UniverseLib.ReflectionUtility.CacheTypes(Assembly asm)
[Message:UnityExplorer] [UniverseLib] Can't cache type named __c Error: System.TypeLoadException: GenericArguments[0], 'TravelDebuff', on 'BaseBuff`1[T]' violates the constraint of type parameter 'T'.
   at System.RuntimeTypeHandle.GetDeclaringType(RuntimeType type)
   at System.RuntimeType.RuntimeTypeCache.GetEnclosingType()
   at System.RuntimeType.RuntimeTypeCache.GetNameSpace()
   at System.RuntimeType.get_Namespace()
   at UniverseLib.ReflectionUtility.CacheTypes(Assembly asm)
[Message:UnityExplorer] [UniverseLib] Can't cache type named __c Error: System.TypeLoadException: GenericArguments[0], 'TravelDebuff', on 'BaseBuff`1[T]' violates the constraint of type parameter 'T'.
   at System.RuntimeTypeHandle.GetDeclaringType(RuntimeType type)
   at System.RuntimeType.RuntimeTypeCache.GetEnclosingType()
   at System.RuntimeType.RuntimeTypeCache.GetNameSpace()
   at System.RuntimeType.get_Namespace()
   at UniverseLib.ReflectionUtility.CacheTypes(Assembly asm)
[Message:UnityExplorer] [UniverseLib] Can't cache type named __OnBoardStart_b__5_0_d Error: System.TypeLoadException: GenericArguments[0], 'TravelDebuff', on 'BaseBuff`1[T]' violates the constraint of type parameter 'T'.
   at System.RuntimeTypeHandle.GetDeclaringType(RuntimeType type)
   at System.RuntimeType.RuntimeTypeCache.GetEnclosingType()
   at System.RuntimeType.RuntimeTypeCache.GetNameSpace()
   at System.RuntimeType.get_Namespace()
   at UniverseLib.ReflectionUtility.CacheTypes(Assembly asm)
[Message:UnityExplorer] [UniverseLib] Can't cache type named __c__DisplayClass3_0 Error: System.TypeLoadException: GenericArguments[0], 'InvestBuff', on 'BaseBuff`1[T]' violates the constraint of type parameter 'T'.
   at System.RuntimeTypeHandle.GetDeclaringType(RuntimeType type)
   at System.RuntimeType.RuntimeTypeCache.GetEnclosingType()
   at System.RuntimeType.RuntimeTypeCache.GetNameSpace()
   at System.RuntimeType.get_Namespace()
   at UniverseLib.ReflectionUtility.CacheTypes(Assembly asm)
[Message:UnityExplorer] [UniverseLib] Can't cache type named __c Error: System.TypeLoadException: GenericArguments[0], 'InvestBuff', on 'BaseBuff`1[T]' violates the constraint of type parameter 'T'.
   at System.RuntimeTypeHandle.GetDeclaringType(RuntimeType type)
   at System.RuntimeType.RuntimeTypeCache.GetEnclosingType()
   at System.RuntimeType.RuntimeTypeCache.GetNameSpace()
   at System.RuntimeType.get_Namespace()
   at UniverseLib.ReflectionUtility.CacheTypes(Assembly asm)
[Message:UnityExplorer] [UniverseLib] Can't cache type named __c__DisplayClass3_0 Error: System.TypeLoadException: GenericArguments[0], 'InvestBuff', on 'BaseBuff`1[T]' violates the constraint of type parameter 'T'.
   at System.RuntimeTypeHandle.GetDeclaringType(RuntimeType type)
   at System.RuntimeType.RuntimeTypeCache.GetEnclosingType()
   at System.RuntimeType.RuntimeTypeCache.GetNameSpace()
   at System.RuntimeType.get_Namespace()
   at UniverseLib.ReflectionUtility.CacheTypes(Assembly asm)
[Message:UnityExplorer] [UniverseLib] Can't cache type named __c Error: System.TypeLoadException: GenericArguments[0], 'InvestBuff', on 'BaseBuff`1[T]' violates the constraint of type parameter 'T'.
   at System.RuntimeTypeHandle.GetDeclaringType(RuntimeType type)
   at System.RuntimeType.RuntimeTypeCache.GetEnclosingType()
   at System.RuntimeType.RuntimeTypeCache.GetNameSpace()
   at System.RuntimeType.get_Namespace()
   at UniverseLib.ReflectionUtility.CacheTypes(Assembly asm)
[Message:UnityExplorer] [UniverseLib] Can't cache type named __c Error: System.TypeLoadException: GenericArguments[0], 'InvestBuff', on 'BaseBuff`1[T]' violates the constraint of type parameter 'T'.
   at System.RuntimeTypeHandle.GetDeclaringType(RuntimeType type)
   at System.RuntimeType.RuntimeTypeCache.GetEnclosingType()
   at System.RuntimeType.RuntimeTypeCache.GetNameSpace()
   at System.RuntimeType.get_Namespace()
   at UniverseLib.ReflectionUtility.CacheTypes(Assembly asm)
[Message:UnityExplorer] [UniverseLib] Can't cache type named __c Error: System.TypeLoadException: GenericArguments[0], 'InvestBuff', on 'BaseBuff`1[T]' violates the constraint of type parameter 'T'.
   at System.RuntimeTypeHandle.GetDeclaringType(RuntimeType type)
   at System.RuntimeType.RuntimeTypeCache.GetEnclosingType()
   at System.RuntimeType.RuntimeTypeCache.GetNameSpace()
   at System.RuntimeType.get_Namespace()
   at UniverseLib.ReflectionUtility.CacheTypes(Assembly asm)
[Message:UnityExplorer] [UniverseLib] Can't cache type named __c Error: System.TypeLoadException: GenericArguments[0], 'InvestBuff', on 'BaseBuff`1[T]' violates the constraint of type parameter 'T'.
   at System.RuntimeTypeHandle.GetDeclaringType(RuntimeType type)
   at System.RuntimeType.RuntimeTypeCache.GetEnclosingType()
   at System.RuntimeType.RuntimeTypeCache.GetNameSpace()
   at System.RuntimeType.get_Namespace()
   at UniverseLib.ReflectionUtility.CacheTypes(Assembly asm)
[Message:UnityExplorer] [UniverseLib] Can't cache type named __c Error: System.TypeLoadException: GenericArguments[0], 'InvestBuff', on 'BaseBuff`1[T]' violates the constraint of type parameter 'T'.
   at System.RuntimeTypeHandle.GetDeclaringType(RuntimeType type)
   at System.RuntimeType.RuntimeTypeCache.GetEnclosingType()
   at System.RuntimeType.RuntimeTypeCache.GetNameSpace()
   at System.RuntimeType.get_Namespace()
   at UniverseLib.ReflectionUtility.CacheTypes(Assembly asm)
[Message:UnityExplorer] [UniverseLib] Can't cache type named __c__DisplayClass3_0 Error: System.TypeLoadException: GenericArguments[0], 'InvestBuff', on 'BaseBuff`1[T]' violates the constraint of type parameter 'T'.
   at System.RuntimeTypeHandle.GetDeclaringType(RuntimeType type)
   at System.RuntimeType.RuntimeTypeCache.GetEnclosingType()
   at System.RuntimeType.RuntimeTypeCache.GetNameSpace()
   at System.RuntimeType.get_Namespace()
   at UniverseLib.ReflectionUtility.CacheTypes(Assembly asm)
[Message:UnityExplorer] [UniverseLib] Can't cache type named __c Error: System.TypeLoadException: GenericArguments[0], 'InvestBuff', on 'BaseBuff`1[T]' violates the constraint of type parameter 'T'.
   at System.RuntimeTypeHandle.GetDeclaringType(RuntimeType type)
   at System.RuntimeType.RuntimeTypeCache.GetEnclosingType()
   at System.RuntimeType.RuntimeTypeCache.GetNameSpace()
   at System.RuntimeType.get_Namespace()
   at UniverseLib.ReflectionUtility.CacheTypes(Assembly asm)
[Message:UnityExplorer] [UniverseLib] Can't cache type named __c Error: System.TypeLoadException: GenericArguments[0], 'InvestBuff', on 'BaseBuff`1[T]' violates the constraint of type parameter 'T'.
   at System.RuntimeTypeHandle.GetDeclaringType(RuntimeType type)
   at System.RuntimeType.RuntimeTypeCache.GetEnclosingType()
   at System.RuntimeType.RuntimeTypeCache.GetNameSpace()
   at System.RuntimeType.get_Namespace()
   at UniverseLib.ReflectionUtility.CacheTypes(Assembly asm)
[Message:UnityExplorer] [UniverseLib] Can't cache type named __c Error: System.TypeLoadException: GenericArguments[0], 'InvestBuff', on 'BaseBuff`1[T]' violates the constraint of type parameter 'T'.
   at System.RuntimeTypeHandle.GetDeclaringType(RuntimeType type)
   at System.RuntimeType.RuntimeTypeCache.GetEnclosingType()
   at System.RuntimeType.RuntimeTypeCache.GetNameSpace()
   at System.RuntimeType.get_Namespace()
   at UniverseLib.ReflectionUtility.CacheTypes(Assembly asm)
[Message:UnityExplorer] [UniverseLib] Can't cache type named __c__DisplayClass3_0 Error: System.TypeLoadException: GenericArguments[0], 'InvestBuff', on 'BaseBuff`1[T]' violates the constraint of type parameter 'T'.
   at System.RuntimeTypeHandle.GetDeclaringType(RuntimeType type)
   at System.RuntimeType.RuntimeTypeCache.GetEnclosingType()
   at System.RuntimeType.RuntimeTypeCache.GetNameSpace()
   at System.RuntimeType.get_Namespace()
   at UniverseLib.ReflectionUtility.CacheTypes(Assembly asm)
[Message:UnityExplorer] [UniverseLib] Can't cache type named __c Error: System.TypeLoadException: GenericArguments[0], 'InvestBuff', on 'BaseBuff`1[T]' violates the constraint of type parameter 'T'.
   at System.RuntimeTypeHandle.GetDeclaringType(RuntimeType type)
   at System.RuntimeType.RuntimeTypeCache.GetEnclosingType()
   at System.RuntimeType.RuntimeTypeCache.GetNameSpace()
   at System.RuntimeType.get_Namespace()
   at UniverseLib.ReflectionUtility.CacheTypes(Assembly asm)
[Message:UnityExplorer] [UniverseLib] Can't cache type named __c Error: System.TypeLoadException: GenericArguments[0], 'InvestBuff', on 'BaseBuff`1[T]' violates the constraint of type parameter 'T'.
   at System.RuntimeTypeHandle.GetDeclaringType(RuntimeType type)
   at System.RuntimeType.RuntimeTypeCache.GetEnclosingType()
   at System.RuntimeType.RuntimeTypeCache.GetNameSpace()
   at System.RuntimeType.get_Namespace()
   at UniverseLib.ReflectionUtility.CacheTypes(Assembly asm)
[Message:UnityExplorer] [UniverseLib] Can't cache type named __c Error: System.TypeLoadException: GenericArguments[0], 'InvestBuff', on 'BaseBuff`1[T]' violates the constraint of type parameter 'T'.
   at System.RuntimeTypeHandle.GetDeclaringType(RuntimeType type)
   at System.RuntimeType.RuntimeTypeCache.GetEnclosingType()
   at System.RuntimeType.RuntimeTypeCache.GetNameSpace()
   at System.RuntimeType.get_Namespace()
   at UniverseLib.ReflectionUtility.CacheTypes(Assembly asm)
[Message:UnityExplorer] [UniverseLib] Can't cache type named __c__DisplayClass6_0 Error: System.TypeLoadException: GenericArguments[0], 'TravelDebuff', on 'BaseBuff`1[T]' violates the constraint of type parameter 'T'.
   at System.RuntimeTypeHandle.GetDeclaringType(RuntimeType type)
   at System.RuntimeType.RuntimeTypeCache.GetEnclosingType()
   at System.RuntimeType.RuntimeTypeCache.GetNameSpace()
   at System.RuntimeType.get_Namespace()
   at UniverseLib.ReflectionUtility.CacheTypes(Assembly asm)
[Message:UnityExplorer] [UniverseLib] Can't cache type named __c Error: System.TypeLoadException: GenericArguments[0], 'TravelDebuff', on 'BaseBuff`1[T]' violates the constraint of type parameter 'T'.
   at System.RuntimeTypeHandle.GetDeclaringType(RuntimeType type)
   at System.RuntimeType.RuntimeTypeCache.GetEnclosingType()
   at System.RuntimeType.RuntimeTypeCache.GetNameSpace()
   at System.RuntimeType.get_Namespace()
   at UniverseLib.ReflectionUtility.CacheTypes(Assembly asm)
[Message:UnityExplorer] [UniverseLib] Can't cache type named __c__DisplayClass6_0 Error: System.TypeLoadException: GenericArguments[0], 'TravelDebuff', on 'BaseBuff`1[T]' violates the constraint of type parameter 'T'.
   at System.RuntimeTypeHandle.GetDeclaringType(RuntimeType type)
   at System.RuntimeType.RuntimeTypeCache.GetEnclosingType()
   at System.RuntimeType.RuntimeTypeCache.GetNameSpace()
   at System.RuntimeType.get_Namespace()
   at UniverseLib.ReflectionUtility.CacheTypes(Assembly asm)
[Message:UnityExplorer] [UniverseLib] Can't cache type named __c__DisplayClass7_0 Error: System.TypeLoadException: GenericArguments[0], 'TravelDebuff', on 'BaseBuff`1[T]' violates the constraint of type parameter 'T'.
   at System.RuntimeTypeHandle.GetDeclaringType(RuntimeType type)
   at System.RuntimeType.RuntimeTypeCache.GetEnclosingType()
   at System.RuntimeType.RuntimeTypeCache.GetNameSpace()
   at System.RuntimeType.get_Namespace()
   at UniverseLib.ReflectionUtility.CacheTypes(Assembly asm)
[Message:UnityExplorer] [UniverseLib] Can't cache type named __c__DisplayClass6_0 Error: System.TypeLoadException: GenericArguments[0], 'TravelDebuff', on 'BaseBuff`1[T]' violates the constraint of type parameter 'T'.
   at System.RuntimeTypeHandle.GetDeclaringType(RuntimeType type)
   at System.RuntimeType.RuntimeTypeCache.GetEnclosingType()
   at System.RuntimeType.RuntimeTypeCache.GetNameSpace()
   at System.RuntimeType.get_Namespace()
   at UniverseLib.ReflectionUtility.CacheTypes(Assembly asm)
[Message:UnityExplorer] [UniverseLib] Can't cache type named __c__DisplayClass6_1 Error: System.TypeLoadException: GenericArguments[0], 'TravelDebuff', on 'BaseBuff`1[T]' violates the constraint of type parameter 'T'.
   at System.RuntimeTypeHandle.GetDeclaringType(RuntimeType type)
   at System.RuntimeType.RuntimeTypeCache.GetEnclosingType()
   at System.RuntimeType.RuntimeTypeCache.GetNameSpace()
   at System.RuntimeType.get_Namespace()
   at UniverseLib.ReflectionUtility.CacheTypes(Assembly asm)
[Message:UnityExplorer] [UniverseLib] Can't cache type named _OnSelect_d__6 Error: System.TypeLoadException: GenericArguments[0], 'TravelDebuff', on 'BaseBuff`1[T]' violates the constraint of type parameter 'T'.
   at System.RuntimeTypeHandle.GetDeclaringType(RuntimeType type)
   at System.RuntimeType.RuntimeTypeCache.GetEnclosingType()
   at System.RuntimeType.RuntimeTypeCache.GetNameSpace()
   at System.RuntimeType.get_Namespace()
   at UniverseLib.ReflectionUtility.CacheTypes(Assembly asm)
[Message:UnityExplorer] [UniverseLib] Can't cache type named __c Error: System.TypeLoadException: GenericArguments[0], 'TravelDebuff', on 'BaseBuff`1[T]' violates the constraint of type parameter 'T'.
   at System.RuntimeTypeHandle.GetDeclaringType(RuntimeType type)
   at System.RuntimeType.RuntimeTypeCache.GetEnclosingType()
   at System.RuntimeType.RuntimeTypeCache.GetNameSpace()
   at System.RuntimeType.get_Namespace()
   at UniverseLib.ReflectionUtility.CacheTypes(Assembly asm)
[Message:UnityExplorer] [UniverseLib] Can't cache type named __c__DisplayClass6_0 Error: System.TypeLoadException: GenericArguments[0], 'TravelDebuff', on 'BaseBuff`1[T]' violates the constraint of type parameter 'T'.
   at System.RuntimeTypeHandle.GetDeclaringType(RuntimeType type)
   at System.RuntimeType.RuntimeTypeCache.GetEnclosingType()
   at System.RuntimeType.RuntimeTypeCache.GetNameSpace()
   at System.RuntimeType.get_Namespace()
   at UniverseLib.ReflectionUtility.CacheTypes(Assembly asm)
[Message:UnityExplorer] [UniverseLib] Can't cache type named __c__DisplayClass6_0 Error: System.TypeLoadException: GenericArguments[0], 'TravelDebuff', on 'BaseBuff`1[T]' violates the constraint of type parameter 'T'.
   at System.RuntimeTypeHandle.GetDeclaringType(RuntimeType type)
   at System.RuntimeType.RuntimeTypeCache.GetEnclosingType()
   at System.RuntimeType.RuntimeTypeCache.GetNameSpace()
   at System.RuntimeType.get_Namespace()
   at UniverseLib.ReflectionUtility.CacheTypes(Assembly asm)
[Message:UnityExplorer] [UniverseLib] Can't cache type named __c__DisplayClass6_0 Error: System.TypeLoadException: GenericArguments[0], 'TravelDebuff', on 'BaseBuff`1[T]' violates the constraint of type parameter 'T'.
   at System.RuntimeTypeHandle.GetDeclaringType(RuntimeType type)
   at System.RuntimeType.RuntimeTypeCache.GetEnclosingType()
   at System.RuntimeType.RuntimeTypeCache.GetNameSpace()
   at System.RuntimeType.get_Namespace()
   at UniverseLib.ReflectionUtility.CacheTypes(Assembly asm)
[Message:UnityExplorer] [UniverseLib] Can't cache type named __c Error: System.TypeLoadException: GenericArguments[0], 'TravelDebuff', on 'BaseBuff`1[T]' violates the constraint of type parameter 'T'.
   at System.RuntimeTypeHandle.GetDeclaringType(RuntimeType type)
   at System.RuntimeType.RuntimeTypeCache.GetEnclosingType()
   at System.RuntimeType.RuntimeTypeCache.GetNameSpace()
   at System.RuntimeType.get_Namespace()
   at UniverseLib.ReflectionUtility.CacheTypes(Assembly asm)
[Message:UnityExplorer] [UniverseLib] Can't cache type named __c__DisplayClass6_0 Error: System.TypeLoadException: GenericArguments[0], 'TravelDebuff', on 'BaseBuff`1[T]' violates the constraint of type parameter 'T'.
   at System.RuntimeTypeHandle.GetDeclaringType(RuntimeType type)
   at System.RuntimeType.RuntimeTypeCache.GetEnclosingType()
   at System.RuntimeType.RuntimeTypeCache.GetNameSpace()
   at System.RuntimeType.get_Namespace()
   at UniverseLib.ReflectionUtility.CacheTypes(Assembly asm)
[Message:UnityExplorer] [UniverseLib] Can't cache type named __c__DisplayClass6_0 Error: System.TypeLoadException: GenericArguments[0], 'TravelDebuff', on 'BaseBuff`1[T]' violates the constraint of type parameter 'T'.
   at System.RuntimeTypeHandle.GetDeclaringType(RuntimeType type)
   at System.RuntimeType.RuntimeTypeCache.GetEnclosingType()
   at System.RuntimeType.RuntimeTypeCache.GetNameSpace()
   at System.RuntimeType.get_Namespace()
   at UniverseLib.ReflectionUtility.CacheTypes(Assembly asm)
[Message:UnityExplorer] [UniverseLib] Can't cache type named __c__DisplayClass6_0 Error: System.TypeLoadException: GenericArguments[0], 'TravelDebuff', on 'BaseBuff`1[T]' violates the constraint of type parameter 'T'.
   at System.RuntimeTypeHandle.GetDeclaringType(RuntimeType type)
   at System.RuntimeType.RuntimeTypeCache.GetEnclosingType()
   at System.RuntimeType.RuntimeTypeCache.GetNameSpace()
   at System.RuntimeType.get_Namespace()
   at UniverseLib.ReflectionUtility.CacheTypes(Assembly asm)
[Message:UnityExplorer] [UniverseLib] Can't cache type named __c__DisplayClass6_0 Error: System.TypeLoadException: GenericArguments[0], 'TravelDebuff', on 'BaseBuff`1[T]' violates the constraint of type parameter 'T'.
   at System.RuntimeTypeHandle.GetDeclaringType(RuntimeType type)
   at System.RuntimeType.RuntimeTypeCache.GetEnclosingType()
   at System.RuntimeType.RuntimeTypeCache.GetNameSpace()
   at System.RuntimeType.get_Namespace()
   at UniverseLib.ReflectionUtility.CacheTypes(Assembly asm)
[Message:UnityExplorer] [UniverseLib] Can't cache type named __c Error: System.TypeLoadException: GenericArguments[0], 'TravelDebuff', on 'BaseBuff`1[T]' violates the constraint of type parameter 'T'.
   at System.RuntimeTypeHandle.GetDeclaringType(RuntimeType type)
   at System.RuntimeType.RuntimeTypeCache.GetEnclosingType()
   at System.RuntimeType.RuntimeTypeCache.GetNameSpace()
   at System.RuntimeType.get_Namespace()
   at UniverseLib.ReflectionUtility.CacheTypes(Assembly asm)
[Message:UnityExplorer] [UniverseLib] Can't cache type named __c__DisplayClass6_0 Error: System.TypeLoadException: GenericArguments[0], 'TravelDebuff', on 'BaseBuff`1[T]' violates the constraint of type parameter 'T'.
   at System.RuntimeTypeHandle.GetDeclaringType(RuntimeType type)
   at System.RuntimeType.RuntimeTypeCache.GetEnclosingType()
   at System.RuntimeType.RuntimeTypeCache.GetNameSpace()
   at System.RuntimeType.get_Namespace()
   at UniverseLib.ReflectionUtility.CacheTypes(Assembly asm)
[Message:UnityExplorer] [UniverseLib] Can't cache type named __c Error: System.TypeLoadException: GenericArguments[0], 'TravelDebuff', on 'BaseBuff`1[T]' violates the constraint of type parameter 'T'.
   at System.RuntimeTypeHandle.GetDeclaringType(RuntimeType type)
   at System.RuntimeType.RuntimeTypeCache.GetEnclosingType()
   at System.RuntimeType.RuntimeTypeCache.GetNameSpace()
   at System.RuntimeType.get_Namespace()
   at UniverseLib.ReflectionUtility.CacheTypes(Assembly asm)
[Message:UnityExplorer] [UniverseLib] Can't cache type named _OnSelect_d__6 Error: System.TypeLoadException: GenericArguments[0], 'TravelDebuff', on 'BaseBuff`1[T]' violates the constraint of type parameter 'T'.
   at System.RuntimeTypeHandle.GetDeclaringType(RuntimeType type)
   at System.RuntimeType.RuntimeTypeCache.GetEnclosingType()
   at System.RuntimeType.RuntimeTypeCache.GetNameSpace()
   at System.RuntimeType.get_Namespace()
   at UniverseLib.ReflectionUtility.CacheTypes(Assembly asm)
[Message:UnityExplorer] [UniverseLib] Can't cache type named __c__DisplayClass7_0 Error: System.TypeLoadException: GenericArguments[0], 'TravelDebuff', on 'BaseBuff`1[T]' violates the constraint of type parameter 'T'.
   at System.RuntimeTypeHandle.GetDeclaringType(RuntimeType type)
   at System.RuntimeType.RuntimeTypeCache.GetEnclosingType()
   at System.RuntimeType.RuntimeTypeCache.GetNameSpace()
   at System.RuntimeType.get_Namespace()
   at UniverseLib.ReflectionUtility.CacheTypes(Assembly asm)
[Message:UnityExplorer] [UniverseLib] Can't cache type named __c Error: System.TypeLoadException: GenericArguments[0], 'TravelDebuff', on 'BaseBuff`1[T]' violates the constraint of type parameter 'T'.
   at System.RuntimeTypeHandle.GetDeclaringType(RuntimeType type)
   at System.RuntimeType.RuntimeTypeCache.GetEnclosingType()
   at System.RuntimeType.RuntimeTypeCache.GetNameSpace()
   at System.RuntimeType.get_Namespace()
   at UniverseLib.ReflectionUtility.CacheTypes(Assembly asm)
[Message:UnityExplorer] [UniverseLib] Can't cache type named __c Error: System.TypeLoadException: GenericArguments[0], 'TravelDebuff', on 'BaseBuff`1[T]' violates the constraint of type parameter 'T'.
   at System.RuntimeTypeHandle.GetDeclaringType(RuntimeType type)
   at System.RuntimeType.RuntimeTypeCache.GetEnclosingType()
   at System.RuntimeType.RuntimeTypeCache.GetNameSpace()
   at System.RuntimeType.get_Namespace()
   at UniverseLib.ReflectionUtility.CacheTypes(Assembly asm)
[Message:UnityExplorer] [UniverseLib] Can't cache type named __c__DisplayClass6_0 Error: System.TypeLoadException: GenericArguments[0], 'TravelDebuff', on 'BaseBuff`1[T]' violates the constraint of type parameter 'T'.
   at System.RuntimeTypeHandle.GetDeclaringType(RuntimeType type)
   at System.RuntimeType.RuntimeTypeCache.GetEnclosingType()
   at System.RuntimeType.RuntimeTypeCache.GetNameSpace()
   at System.RuntimeType.get_Namespace()
   at UniverseLib.ReflectionUtility.CacheTypes(Assembly asm)
[Message:UnityExplorer] [UniverseLib] Can't cache type named __c__DisplayClass6_0 Error: System.TypeLoadException: GenericArguments[0], 'TravelDebuff', on 'BaseBuff`1[T]' violates the constraint of type parameter 'T'.
   at System.RuntimeTypeHandle.GetDeclaringType(RuntimeType type)
   at System.RuntimeType.RuntimeTypeCache.GetEnclosingType()
   at System.RuntimeType.RuntimeTypeCache.GetNameSpace()
   at System.RuntimeType.get_Namespace()
   at UniverseLib.ReflectionUtility.CacheTypes(Assembly asm)
[Message:UnityExplorer] [UniverseLib] Can't cache type named __OnSelect_b__0_d Error: System.TypeLoadException: GenericArguments[0], 'TravelDebuff', on 'BaseBuff`1[T]' violates the constraint of type parameter 'T'.
   at System.RuntimeTypeHandle.GetDeclaringType(RuntimeType type)
   at System.RuntimeType.RuntimeTypeCache.GetEnclosingType()
   at System.RuntimeType.RuntimeTypeCache.GetNameSpace()
   at System.RuntimeType.get_Namespace()
   at UniverseLib.ReflectionUtility.CacheTypes(Assembly asm)
[Message:UnityExplorer] [UniverseLib] Can't cache type named __c__DisplayClass6_0 Error: System.TypeLoadException: GenericArguments[0], 'TravelDebuff', on 'BaseBuff`1[T]' violates the constraint of type parameter 'T'.
   at System.RuntimeTypeHandle.GetDeclaringType(RuntimeType type)
   at System.RuntimeType.RuntimeTypeCache.GetEnclosingType()
   at System.RuntimeType.RuntimeTypeCache.GetNameSpace()
   at System.RuntimeType.get_Namespace()
   at UniverseLib.ReflectionUtility.CacheTypes(Assembly asm)
[Message:UnityExplorer] [UniverseLib] Can't cache type named __c Error: System.TypeLoadException: GenericArguments[0], 'TravelDebuff', on 'BaseBuff`1[T]' violates the constraint of type parameter 'T'.
   at System.RuntimeTypeHandle.GetDeclaringType(RuntimeType type)
   at System.RuntimeType.RuntimeTypeCache.GetEnclosingType()
   at System.RuntimeType.RuntimeTypeCache.GetNameSpace()
   at System.RuntimeType.get_Namespace()
   at UniverseLib.ReflectionUtility.CacheTypes(Assembly asm)
[Message:UnityExplorer] [UniverseLib] Can't cache type named __c Error: System.TypeLoadException: GenericArguments[0], 'TravelDebuff', on 'BaseBuff`1[T]' violates the constraint of type parameter 'T'.
   at System.RuntimeTypeHandle.GetDeclaringType(RuntimeType type)
   at System.RuntimeType.RuntimeTypeCache.GetEnclosingType()
   at System.RuntimeType.RuntimeTypeCache.GetNameSpace()
   at System.RuntimeType.get_Namespace()
   at UniverseLib.ReflectionUtility.CacheTypes(Assembly asm)
[Message:UnityExplorer] [UniverseLib] Can't cache type named __c Error: System.TypeLoadException: GenericArguments[0], 'TravelDebuff', on 'BaseBuff`1[T]' violates the constraint of type parameter 'T'.
   at System.RuntimeTypeHandle.GetDeclaringType(RuntimeType type)
   at System.RuntimeType.RuntimeTypeCache.GetEnclosingType()
   at System.RuntimeType.RuntimeTypeCache.GetNameSpace()
   at System.RuntimeType.get_Namespace()
   at UniverseLib.ReflectionUtility.CacheTypes(Assembly asm)
[Message:UnityExplorer] [UniverseLib] Can't cache type named __c__DisplayClass6_0 Error: System.TypeLoadException: GenericArguments[0], 'TravelDebuff', on 'BaseBuff`1[T]' violates the constraint of type parameter 'T'.
   at System.RuntimeTypeHandle.GetDeclaringType(RuntimeType type)
   at System.RuntimeType.RuntimeTypeCache.GetEnclosingType()
   at System.RuntimeType.RuntimeTypeCache.GetNameSpace()
   at System.RuntimeType.get_Namespace()
   at UniverseLib.ReflectionUtility.CacheTypes(Assembly asm)
[Message:UnityExplorer] [UniverseLib] Can't cache type named __c Error: System.TypeLoadException: GenericArguments[0], 'AdvBuff', on 'BaseBuff`1[T]' violates the constraint of type parameter 'T'.
   at System.RuntimeTypeHandle.GetDeclaringType(RuntimeType type)
   at System.RuntimeType.RuntimeTypeCache.GetEnclosingType()
   at System.RuntimeType.RuntimeTypeCache.GetNameSpace()
   at System.RuntimeType.get_Namespace()
   at UniverseLib.ReflectionUtility.CacheTypes(Assembly asm)
[Message:UnityExplorer] [UniverseLib] Can't cache type named __c Error: System.TypeLoadException: GenericArguments[0], 'AdvBuff', on 'BaseBuff`1[T]' violates the constraint of type parameter 'T'.
   at System.RuntimeTypeHandle.GetDeclaringType(RuntimeType type)
   at System.RuntimeType.RuntimeTypeCache.GetEnclosingType()
   at System.RuntimeType.RuntimeTypeCache.GetNameSpace()
   at System.RuntimeType.get_Namespace()
   at UniverseLib.ReflectionUtility.CacheTypes(Assembly asm)
[Message:UnityExplorer] [UniverseLib] Can't cache type named __c Error: System.TypeLoadException: GenericArguments[0], 'AdvBuff', on 'BaseBuff`1[T]' violates the constraint of type parameter 'T'.
   at System.RuntimeTypeHandle.GetDeclaringType(RuntimeType type)
   at System.RuntimeType.RuntimeTypeCache.GetEnclosingType()
   at System.RuntimeType.RuntimeTypeCache.GetNameSpace()
   at System.RuntimeType.get_Namespace()
   at UniverseLib.ReflectionUtility.CacheTypes(Assembly asm)
[Message:UnityExplorer] [UniverseLib] Can't cache type named __c Error: System.TypeLoadException: GenericArguments[0], 'AdvBuff', on 'BaseBuff`1[T]' violates the constraint of type parameter 'T'.
   at System.RuntimeTypeHandle.GetDeclaringType(RuntimeType type)
   at System.RuntimeType.RuntimeTypeCache.GetEnclosingType()
   at System.RuntimeType.RuntimeTypeCache.GetNameSpace()
   at System.RuntimeType.get_Namespace()
   at UniverseLib.ReflectionUtility.CacheTypes(Assembly asm)
[Message:UnityExplorer] [UniverseLib] Can't cache type named __c Error: System.TypeLoadException: GenericArguments[0], 'AdvBuff', on 'BaseBuff`1[T]' violates the constraint of type parameter 'T'.
   at System.RuntimeTypeHandle.GetDeclaringType(RuntimeType type)
   at System.RuntimeType.RuntimeTypeCache.GetEnclosingType()
   at System.RuntimeType.RuntimeTypeCache.GetNameSpace()
   at System.RuntimeType.get_Namespace()
   at UniverseLib.ReflectionUtility.CacheTypes(Assembly asm)
[Message:UnityExplorer] [UniverseLib] Can't cache type named __c Error: System.TypeLoadException: GenericArguments[0], 'AdvBuff', on 'BaseBuff`1[T]' violates the constraint of type parameter 'T'.
   at System.RuntimeTypeHandle.GetDeclaringType(RuntimeType type)
   at System.RuntimeType.RuntimeTypeCache.GetEnclosingType()
   at System.RuntimeType.RuntimeTypeCache.GetNameSpace()
   at System.RuntimeType.get_Namespace()
   at UniverseLib.ReflectionUtility.CacheTypes(Assembly asm)
[Message:UnityExplorer] [UniverseLib] Can't cache type named __c__DisplayClass4_0 Error: System.TypeLoadException: GenericArguments[0], 'AdvBuff', on 'BaseBuff`1[T]' violates the constraint of type parameter 'T'.
   at System.RuntimeTypeHandle.GetDeclaringType(RuntimeType type)
   at System.RuntimeType.RuntimeTypeCache.GetEnclosingType()
   at System.RuntimeType.RuntimeTypeCache.GetNameSpace()
   at System.RuntimeType.get_Namespace()
   at UniverseLib.ReflectionUtility.CacheTypes(Assembly asm)
[Message:UnityExplorer] [UniverseLib] Can't cache type named __c Error: System.TypeLoadException: GenericArguments[0], 'AdvBuff', on 'BaseBuff`1[T]' violates the constraint of type parameter 'T'.
   at System.RuntimeTypeHandle.GetDeclaringType(RuntimeType type)
   at System.RuntimeType.RuntimeTypeCache.GetEnclosingType()
   at System.RuntimeType.RuntimeTypeCache.GetNameSpace()
   at System.RuntimeType.get_Namespace()
   at UniverseLib.ReflectionUtility.CacheTypes(Assembly asm)
[Message:UnityExplorer] [UniverseLib] Can't cache type named __c__DisplayClass4_0 Error: System.TypeLoadException: GenericArguments[0], 'AdvBuff', on 'BaseBuff`1[T]' violates the constraint of type parameter 'T'.
   at System.RuntimeTypeHandle.GetDeclaringType(RuntimeType type)
   at System.RuntimeType.RuntimeTypeCache.GetEnclosingType()
   at System.RuntimeType.RuntimeTypeCache.GetNameSpace()
   at System.RuntimeType.get_Namespace()
   at UniverseLib.ReflectionUtility.CacheTypes(Assembly asm)
[Message:UnityExplorer] [UniverseLib] Can't cache type named __OnSelect_b__0_d Error: System.TypeLoadException: GenericArguments[0], 'AdvBuff', on 'BaseBuff`1[T]' violates the constraint of type parameter 'T'.
   at System.RuntimeTypeHandle.GetDeclaringType(RuntimeType type)
   at System.RuntimeType.RuntimeTypeCache.GetEnclosingType()
   at System.RuntimeType.RuntimeTypeCache.GetNameSpace()
   at System.RuntimeType.get_Namespace()
   at UniverseLib.ReflectionUtility.CacheTypes(Assembly asm)
[Message:UnityExplorer] [UniverseLib] Can't cache type named _OnSelect_d__4 Error: System.TypeLoadException: GenericArguments[0], 'AdvBuff', on 'BaseBuff`1[T]' violates the constraint of type parameter 'T'.
   at System.RuntimeTypeHandle.GetDeclaringType(RuntimeType type)
   at System.RuntimeType.RuntimeTypeCache.GetEnclosingType()
   at System.RuntimeType.RuntimeTypeCache.GetNameSpace()
   at System.RuntimeType.get_Namespace()
   at UniverseLib.ReflectionUtility.CacheTypes(Assembly asm)
[Message:UnityExplorer] [UniverseLib] Can't cache type named __c__DisplayClass4_0 Error: System.TypeLoadException: GenericArguments[0], 'AdvBuff', on 'BaseBuff`1[T]' violates the constraint of type parameter 'T'.
   at System.RuntimeTypeHandle.GetDeclaringType(RuntimeType type)
   at System.RuntimeType.RuntimeTypeCache.GetEnclosingType()
   at System.RuntimeType.RuntimeTypeCache.GetNameSpace()
   at System.RuntimeType.get_Namespace()
   at UniverseLib.ReflectionUtility.CacheTypes(Assembly asm)
[Message:UnityExplorer] [UniverseLib] Can't cache type named __OnSelect_b__0_d Error: System.TypeLoadException: GenericArguments[0], 'AdvBuff', on 'BaseBuff`1[T]' violates the constraint of type parameter 'T'.
   at System.RuntimeTypeHandle.GetDeclaringType(RuntimeType type)
   at System.RuntimeType.RuntimeTypeCache.GetEnclosingType()
   at System.RuntimeType.RuntimeTypeCache.GetNameSpace()
   at System.RuntimeType.get_Namespace()
   at UniverseLib.ReflectionUtility.CacheTypes(Assembly asm)
[Message:UnityExplorer] [UniverseLib] Can't cache type named __c__DisplayClass4_0 Error: System.TypeLoadException: GenericArguments[0], 'AdvBuff', on 'BaseBuff`1[T]' violates the constraint of type parameter 'T'.
   at System.RuntimeTypeHandle.GetDeclaringType(RuntimeType type)
   at System.RuntimeType.RuntimeTypeCache.GetEnclosingType()
   at System.RuntimeType.RuntimeTypeCache.GetNameSpace()
   at System.RuntimeType.get_Namespace()
   at UniverseLib.ReflectionUtility.CacheTypes(Assembly asm)
[Message:UnityExplorer] [UniverseLib] Can't cache type named __c Error: System.TypeLoadException: GenericArguments[0], 'AdvBuff', on 'BaseBuff`1[T]' violates the constraint of type parameter 'T'.
   at System.RuntimeTypeHandle.GetDeclaringType(RuntimeType type)
   at System.RuntimeType.RuntimeTypeCache.GetEnclosingType()
   at System.RuntimeType.RuntimeTypeCache.GetNameSpace()
   at System.RuntimeType.get_Namespace()
   at UniverseLib.ReflectionUtility.CacheTypes(Assembly asm)
[Message:UnityExplorer] [UniverseLib] Can't cache type named __c__DisplayClass4_0 Error: System.TypeLoadException: GenericArguments[0], 'AdvBuff', on 'BaseBuff`1[T]' violates the constraint of type parameter 'T'.
   at System.RuntimeTypeHandle.GetDeclaringType(RuntimeType type)
   at System.RuntimeType.RuntimeTypeCache.GetEnclosingType()
   at System.RuntimeType.RuntimeTypeCache.GetNameSpace()
   at System.RuntimeType.get_Namespace()
   at UniverseLib.ReflectionUtility.CacheTypes(Assembly asm)
[Message:UnityExplorer] [UniverseLib] Can't cache type named __c Error: System.TypeLoadException: GenericArguments[0], 'AdvBuff', on 'BaseBuff`1[T]' violates the constraint of type parameter 'T'.
   at System.RuntimeTypeHandle.GetDeclaringType(RuntimeType type)
   at System.RuntimeType.RuntimeTypeCache.GetEnclosingType()
   at System.RuntimeType.RuntimeTypeCache.GetNameSpace()
   at System.RuntimeType.get_Namespace()
   at UniverseLib.ReflectionUtility.CacheTypes(Assembly asm)
[Message:UnityExplorer] [UniverseLib] Can't cache type named __c Error: System.TypeLoadException: GenericArguments[0], 'AdvBuff', on 'BaseBuff`1[T]' violates the constraint of type parameter 'T'.
   at System.RuntimeTypeHandle.GetDeclaringType(RuntimeType type)
   at System.RuntimeType.RuntimeTypeCache.GetEnclosingType()
   at System.RuntimeType.RuntimeTypeCache.GetNameSpace()
   at System.RuntimeType.get_Namespace()
   at UniverseLib.ReflectionUtility.CacheTypes(Assembly asm)
[Message:UnityExplorer] [UniverseLib] Can't cache type named _OnSelect_d__5 Error: System.TypeLoadException: GenericArguments[0], 'AdvBuff', on 'BaseBuff`1[T]' violates the constraint of type parameter 'T'.
   at System.RuntimeTypeHandle.GetDeclaringType(RuntimeType type)
   at System.RuntimeType.RuntimeTypeCache.GetEnclosingType()
   at System.RuntimeType.RuntimeTypeCache.GetNameSpace()
   at System.RuntimeType.get_Namespace()
   at UniverseLib.ReflectionUtility.CacheTypes(Assembly asm)
[Message:UnityExplorer] [UniverseLib] Can't cache type named _OnSelect_d__4 Error: System.TypeLoadException: GenericArguments[0], 'AdvBuff', on 'BaseBuff`1[T]' violates the constraint of type parameter 'T'.
   at System.RuntimeTypeHandle.GetDeclaringType(RuntimeType type)
   at System.RuntimeType.RuntimeTypeCache.GetEnclosingType()
   at System.RuntimeType.RuntimeTypeCache.GetNameSpace()
   at System.RuntimeType.get_Namespace()
   at UniverseLib.ReflectionUtility.CacheTypes(Assembly asm)
[Message:UnityExplorer] [UniverseLib] Can't cache type named _OnSelect_d__4 Error: System.TypeLoadException: GenericArguments[0], 'AdvBuff', on 'BaseBuff`1[T]' violates the constraint of type parameter 'T'.
   at System.RuntimeTypeHandle.GetDeclaringType(RuntimeType type)
   at System.RuntimeType.RuntimeTypeCache.GetEnclosingType()
   at System.RuntimeType.RuntimeTypeCache.GetNameSpace()
   at System.RuntimeType.get_Namespace()
   at UniverseLib.ReflectionUtility.CacheTypes(Assembly asm)
[Message:UnityExplorer] [UniverseLib] Can't cache type named _OnSelect_d__4 Error: System.TypeLoadException: GenericArguments[0], 'AdvBuff', on 'BaseBuff`1[T]' violates the constraint of type parameter 'T'.
   at System.RuntimeTypeHandle.GetDeclaringType(RuntimeType type)
   at System.RuntimeType.RuntimeTypeCache.GetEnclosingType()
   at System.RuntimeType.RuntimeTypeCache.GetNameSpace()
   at System.RuntimeType.get_Namespace()
   at UniverseLib.ReflectionUtility.CacheTypes(Assembly asm)
[Message:UnityExplorer] [UniverseLib] Can't cache type named __c Error: System.TypeLoadException: GenericArguments[0], 'AdvBuff', on 'BaseBuff`1[T]' violates the constraint of type parameter 'T'.
   at System.RuntimeTypeHandle.GetDeclaringType(RuntimeType type)
   at System.RuntimeType.RuntimeTypeCache.GetEnclosingType()
   at System.RuntimeType.RuntimeTypeCache.GetNameSpace()
   at System.RuntimeType.get_Namespace()
   at UniverseLib.ReflectionUtility.CacheTypes(Assembly asm)
[Message:UnityExplorer] [UniverseLib] Can't cache type named _SummonAndAward_d__5 Error: System.TypeLoadException: GenericArguments[0], 'AdvBuff', on 'BaseBuff`1[T]' violates the constraint of type parameter 'T'.
   at System.RuntimeTypeHandle.GetDeclaringType(RuntimeType type)
   at System.RuntimeType.RuntimeTypeCache.GetEnclosingType()
   at System.RuntimeType.RuntimeTypeCache.GetNameSpace()
   at System.RuntimeType.get_Namespace()
   at UniverseLib.ReflectionUtility.CacheTypes(Assembly asm)
[Message:UnityExplorer] [UniverseLib] Can't cache type named _ClickUpdate_d__6 Error: System.TypeLoadException: GenericArguments[0], 'AdvBuff', on 'BaseBuff`1[T]' violates the constraint of type parameter 'T'.
   at System.RuntimeTypeHandle.GetDeclaringType(RuntimeType type)
   at System.RuntimeType.RuntimeTypeCache.GetEnclosingType()
   at System.RuntimeType.RuntimeTypeCache.GetNameSpace()
   at System.RuntimeType.get_Namespace()
   at UniverseLib.ReflectionUtility.CacheTypes(Assembly asm)
[Message:UnityExplorer] [UniverseLib] Can't cache type named _OnSelect_d__4 Error: System.TypeLoadException: GenericArguments[0], 'AdvBuff', on 'BaseBuff`1[T]' violates the constraint of type parameter 'T'.
   at System.RuntimeTypeHandle.GetDeclaringType(RuntimeType type)
   at System.RuntimeType.RuntimeTypeCache.GetEnclosingType()
   at System.RuntimeType.RuntimeTypeCache.GetNameSpace()
   at System.RuntimeType.get_Namespace()
   at UniverseLib.ReflectionUtility.CacheTypes(Assembly asm)
[Info   :Il2CppInterop] Registered mono type UniverseLib.Runtime.Il2Cpp.Il2CppManagedEnumerator in il2cpp domain
[Message:UnityExplorer] [UniverseLib] Loaded Unhollowed modules in 0.004 seconds.
[Message:UnityExplorer] [UniverseLib] Setup deobfuscation cache in 0.15900001 seconds.
[Message:UnityExplorer] [UniverseLib] Finished UniverseLib initial setup.
[Info   :Il2CppInterop] Registered mono type UnityExplorer.ExplorerBehaviour in il2cpp domain
[Message:UnityExplorer] Initialized UnityCrashPrevention for: Canvas.get_renderingDisplaySize
[Info   :   BepInEx] Loading [EvolveGodSuperSnowGatling 1.0.0]
[Info   :Il2CppInterop] Registered mono type EvolveGodSuperSnowGatling.BepInEx.SnowGatling in il2cpp domain
[Info   :Il2CppInterop] Registered mono type EvolveGodSuperSnowGatling.BepInEx.SuperSnowGatling_Shooting in il2cpp domain
[Info   :Il2CppInterop] Registered mono type EvolveGodSuperSnowGatling.BepInEx.UniqueUpgrade in il2cpp domain
[Info   :Il2CppInterop] Registered mono type EvolveGodSuperSnowGatling.BepInEx.BombBuff in il2cpp domain
[Info   :Il2CppInterop] Registered mono type EvolveGodSuperSnowGatling.BepInEx.BulletBuff in il2cpp domain
[Info   :Il2CppInterop] Registered mono type EvolveGodSuperSnowGatling.BepInEx.ShootingDataSave in il2cpp domain
[Info   :   BepInEx] Loading [RogueShootingSuperDowngrade 1.0.0]
[Info   :Il2CppInterop] Registered mono type RogueShootingSuperDowngrade.BepInEx.SuperDowngradeShooting in il2cpp domain
[Message:   BepInEx] Chainloader startup complete
[Message:UnityExplorer] [UniverseLib] Initialized Legacy Input support
[Message:UnityExplorer] [UniverseLib] 	 IL2CPP method has no corresponding pointer, aborting patch of UnityEngine.Cursor.visible
[Message:UnityExplorer] [UniverseLib] 	 IL2CPP method has no corresponding pointer, aborting patch of UnityEngine.AssetBundle.UnloadAllAssetBundles
[Info   :Il2CppInterop] Registered mono type UniverseLib.AssetBundle in il2cpp domain
[Message:UnityExplorer] [UniverseLib] Loaded modern bundle for Unity 2022.3.62f1c1
[Message:UnityExplorer] [UniverseLib] UniverseLib 1.5.5 initialized.
[Message:UnityExplorer] Creating UI...
[Warning:UnityExplorer] UnityIGCSConnector.dll was not found so IGCSDof will not be available
[Message:UnityExplorer] CinematicUnityExplorer 1.4.0 (IL2CPP) initialized.
[Info   :Il2CppInterop] Registered mono type UnityExplorer.KeypressListener in il2cpp domain
[Error  :Il2CppInterop] During invoking native->managed trampoline
Exception: Il2CppInterop.Runtime.Il2CppException: System.InvalidOperationException: 诸神图鉴索引尚未覆盖所有植物配置，请重新生成图鉴数据。
--- BEGIN IL2CPP STACK TRACE ---
System.InvalidOperationException: 诸神图鉴索引尚未覆盖所有植物配置，请重新生成图鉴数据。
  at GameLevel.RogueShooting.ShootingAlmanacCatalog.Build () [0x00000] in <00000000000000000000000000000000>:0 
  at GameLevel.RogueShooting.ShootingManager.get_PlantUnlocks () [0x00000] in <00000000000000000000000000000000>:0 
  at GameLevel.RogueShooting.ShootingManager.RegisterCoreBuff (MultipleChoiceMenu menu) [0x00000] in <00000000000000000000000000000000>:0 
  at GameLevel.RogueShooting.ShootingManager.ShowBuff (System.Boolean luckyShow) [0x00000] in <00000000000000000000000000000000>:0 
--- END IL2CPP STACK TRACE ---

   at Il2CppInterop.Runtime.Il2CppException.RaiseExceptionIfNecessary(IntPtr returnedException) in D:\Beta\projects\Il2CppInterop\Il2CppInterop.Runtime\Il2CppException.cs:line 36
   at DMD<GameLevel.RogueShooting.ShootingManager::ShowBuff>(ShootingManager this, Boolean luckyShow)
   at (il2cpp -> managed) ShowBuff(IntPtr , Byte , Il2CppMethodInfo* )
